{
  "build-system": [
    {
      "pname": "meson-python"
    },
    {
      "pname": "meson"
    },
    {
      "pname": "wheel"
    },
    {
      "pname": "cython"
    },
    {
      "pname": "oldest-supported-numpy"
    },
    {
      "pname": "versioneer"
    }
  ],
  "dependencies": [
    {
      "pname": "numpy"
    },
    {
      "pname": "python-dateutil"
    },
    {
      "pname": "pytz"
    },
    {
      "pname": "tzdata"
    }
  ],
  "disabled": true,
  "meta": {
    "description": "Powerful data structures for data analysis, time series, and statistics"
  },
  "optional-dependencies": {
    "all": [
      {
        "pname": "beautifulsoup4"
      },
      {
        "pname": "bottleneck"
      },
      {
        "pname": "brotlipy"
      },
      {
        "pname": "fastparquet"
      },
      {
        "pname": "fsspec"
      },
      {
        "pname": "gcsfs"
      },
      {
        "pname": "html5lib"
      },
      {
        "pname": "hypothesis"
      },
      {
        "pname": "jinja2"
      },
      {
        "pname": "lxml"
      },
      {
        "pname": "matplotlib"
      },
      {
        "pname": "numba"
      },
      {
        "pname": "numexpr"
      },
      {
        "pname": "odfpy"
      },
      {
        "pname": "openpyxl"
      },
      {
        "pname": "pandas-gbq"
      },
      {
        "pname": "psycopg2"
      },
      {
        "pname": "pyarrow"
      },
      {
        "pname": "pymysql"
      },
      {
        "pname": "pyqt5"
      },
      {
        "pname": "pyreadstat"
      },
      {
        "pname": "pytest"
      },
      {
        "pname": "pytest-xdist"
      },
      {
        "pname": "pytest-asyncio"
      },
      {
        "pname": "python-snappy"
      },
      {
        "pname": "pyxlsb"
      },
      {
        "pname": "qtpy"
      },
      {
        "pname": "scipy"
      },
      {
        "pname": "s3fs"
      },
      {
        "pname": "sqlalchemy"
      },
      {
        "pname": "tables"
      },
      {
        "pname": "tabulate"
      },
      {
        "pname": "xarray"
      },
      {
        "pname": "xlrd"
      },
      {
        "pname": "xlsxwriter"
      },
      {
        "pname": "zstandard"
      }
    ],
    "aws": [
      {
        "pname": "s3fs"
      }
    ],
    "clipboard": [
      {
        "pname": "pyqt5"
      },
      {
        "pname": "qtpy"
      }
    ],
    "compression": [
      {
        "pname": "brotlipy"
      },
      {
        "pname": "python-snappy"
      },
      {
        "pname": "zstandard"
      }
    ],
    "computation": [
      {
        "pname": "scipy"
      },
      {
        "pname": "xarray"
      }
    ],
    "excel": [
      {
        "pname": "odfpy"
      },
      {
        "pname": "openpyxl"
      },
      {
        "pname": "pyxlsb"
      },
      {
        "pname": "xlrd"
      },
      {
        "pname": "xlsxwriter"
      }
    ],
    "feather": [
      {
        "pname": "pyarrow"
      }
    ],
    "fss": [
      {
        "pname": "fsspec"
      }
    ],
    "gcp": [
      {
        "pname": "gcsfs"
      },
      {
        "pname": "pandas-gbq"
      }
    ],
    "hdf5": [
      {
        "pname": "tables"
      }
    ],
    "html": [
      {
        "pname": "beautifulsoup4"
      },
      {
        "pname": "html5lib"
      },
      {
        "pname": "lxml"
      }
    ],
    "mysql": [
      {
        "pname": "sqlalchemy"
      },
      {
        "pname": "pymysql"
      }
    ],
    "output_formatting": [
      {
        "pname": "jinja2"
      },
      {
        "pname": "tabulate"
      }
    ],
    "parquet": [
      {
        "pname": "pyarrow"
      }
    ],
    "performance": [
      {
        "pname": "bottleneck"
      },
      {
        "pname": "numba"
      },
      {
        "pname": "numexpr"
      }
    ],
    "plot": [
      {
        "pname": "matplotlib"
      }
    ],
    "postgresql": [
      {
        "pname": "sqlalchemy"
      },
      {
        "pname": "psycopg2"
      }
    ],
    "spss": [
      {
        "pname": "pyreadstat"
      }
    ],
    "sql-other": [
      {
        "pname": "sqlalchemy"
      }
    ],
    "test": [
      {
        "pname": "hypothesis"
      },
      {
        "pname": "pytest"
      },
      {
        "pname": "pytest-xdist"
      },
      {
        "pname": "pytest-asyncio"
      }
    ],
    "xml": [
      {
        "pname": "lxml"
      }
    ]
  },
  "passthru": {
    "dependency-groups": {}
  },
  "pname": "pandas",
  "pyproject": true
}
