{
  "build-system": [
    {
      "pname": "poetry-core",
      "version": "1.9.1"
    }
  ],
  "dependencies": [
    {
      "pname": "build",
      "version": "1.2.2"
    },
    {
      "pname": "cachecontrol",
      "version": "0.14.0"
    },
    {
      "pname": "cleo",
      "version": "2.1.0"
    },
    {
      "pname": "crashtest",
      "version": "0.4.1"
    },
    {
      "pname": "dulwich",
      "version": "0.22.1"
    },
    {
      "pname": "filelock",
      "version": "3.16.1"
    },
    {
      "pname": "html5lib",
      "version": "1.1"
    },
    {
      "pname": "importlib-metadata",
      "version": "8.5.0"
    },
    {
      "pname": "installer",
      "version": "0.7.0"
    },
    {
      "pname": "jsonschema",
      "version": "4.23.0"
    },
    {
      "pname": "keyring",
      "version": "25.2.1"
    },
    {
      "pname": "lockfile",
      "version": "0.12.2"
    },
    {
      "pname": "packaging",
      "version": "24.1"
    },
    {
      "pname": "pexpect",
      "version": "4.9.0"
    },
    {
      "pname": "pkginfo",
      "version": "1.11.1"
    },
    {
      "pname": "platformdirs",
      "version": "4.3.6"
    },
    {
      "pname": "poetry-core",
      "version": "1.9.1"
    },
    {
      "pname": "poetry-plugin-export",
      "version": "1.4.0"
    },
    {
      "pname": "pyproject-hooks",
      "version": "1.2.0"
    },
    {
      "pname": "python3",
      "version": "3.12.7"
    },
    {
      "pname": "requests",
      "version": "2.32.3"
    },
    {
      "pname": "requests-toolbelt",
      "version": "1.0.0"
    },
    {
      "pname": "shellingham",
      "version": "1.5.4"
    },
    {
      "pname": "tomli",
      "version": "2.0.1"
    },
    {
      "pname": "tomlkit",
      "version": "0.13.2"
    },
    {
      "pname": "trove-classifiers",
      "version": "2024.9.12"
    },
    {
      "pname": "urllib3",
      "version": "2.2.3"
    },
    {
      "pname": "virtualenv",
      "version": "20.26.6"
    },
    {
      "pname": "pre-commit",
      "version": "3.3.3"
    }
  ],
  "meta": {
    "description": "Python dependency management and packaging made easy.",
    "license": {
      "deprecated": false,
      "free": true,
      "fullName": "MIT License",
      "redistributable": true,
      "shortName": "mit",
      "spdxId": "MIT",
      "url": "https://spdx.org/licenses/MIT.html"
    },
    "mainProgram": "poetry"
  },
  "optional-dependencies": {
    "dev": [
      {
        "pname": "pre-commit",
        "version": "3.3.3"
      }
    ],
    "github-actions": [
      {
        "pname": "pytest-github-actions-annotate-failures",
        "version": "0.1.0"
      }
    ],
    "test": [
      {
        "pname": "cachy",
        "version": "0.3.0"
      },
      {
        "pname": "deepdiff",
        "version": "8.0.1"
      },
      {
        "pname": "deepdiff",
        "version": "8.0.1"
      },
      {
        "pname": "httpretty",
        "version": "1.1.4"
      },
      {
        "pname": "pytest",
        "version": "8.3.3"
      },
      {
        "pname": "pytest-cov",
        "version": "5.0.0"
      },
      {
        "pname": "pytest-mock",
        "version": "3.14.0"
      },
      {
        "pname": "pytest-randomly",
        "version": "3.13.0"
      },
      {
        "pname": "pytest-xdist",
        "version": "3.6.1"
      },
      {
        "pname": "zipp",
        "version": "3.20.2"
      }
    ],
    "typing": [
      {
        "pname": "mypy",
        "version": "1.11.2"
      },
      {
        "pname": "types-html5lib",
        "version": "1.1.11.20241018"
      },
      {
        "pname": "types-jsonschema",
        "version": "0.1.0"
      },
      {
        "pname": "types-requests",
        "version": "2.32.0.20241016"
      },
      {
        "pname": "typing-extensions",
        "version": "4.12.2"
      }
    ]
  },
  "passthru": {
    "dependency-groups": {}
  },
  "pname": "poetry",
  "pyproject": true,
  "version": "1.4.2"
}
